[WARNING] no existe el path 
[WARNING] no existe el path 
[WARNING] no existe el path 
[WARNING] no existe el path 
[WARNING] no existe el path 
[WARNING] no existe el path 
[WARNING] no existe el path 
[WARNING] no existe el path 
[WARNING] no existe el path 
[WARNING] no existe el path 
[WARNING] no existe el path 
[WARNING] no existe el path 
[WARNING] no existe el path 
[WARNING] no existe el path 
[WARNING] no existe el path 
[WARNING] no existe el path 
[WARNING] no existe el path 
[WARNING] no existe el path 
[WARNING] no existe el path 
[WARNING] no existe el path 
[WARNING] no existe el path 
[WARNING] no existe el path 
[WARNING] no existe el path 
[WARNING] no existe el path 
[WARNING] no existe el path 
[WARNING] no existe el path 
[WARNING] no existe el path 
[WARNING] no existe el path 
[WARNING] no existe el path 
[WARNING] no existe el path 
[WARNING] no existe el path 
[WARNING] no existe el path 
[WARNING] no existe el path 
[WARNING] no existe el path 
[WARNING] no existe el path 
[WARNING] no existe el path 
[WARNING] no existe el path 
[WARNING] no existe el path 
[WARNING] no existe el path 
[WARNING] no existe el path 
[WARNING] no existe el path 
[WARNING] no existe el path 
[WARNING] no existe el path 
[WARNING] no existe el path 
[WARNING] no existe el path 
[WARNING] no existe el path 
[WARNING] no existe el path 
[WARNING] no existe el path 
[WARNING] no existe el path 
[WARNING] no existe el path 
[WARNING] no existe el path 
[WARNING] no existe el path 
[WARNING] no existe el path 
[WARNING] no existe el path 
[WARNING] no existe el path 
[WARNING] no existe el path 
[WARNING] no existe el path 
[WARNING] no existe el path 
[WARNING] no existe el path 
[WARNING] no existe el path 
[WARNING] no existe el path 
[WARNING] no existe el path 
[WARNING] no existe el path 
[WARNING] no existe el path 
[WARNING] no existe el path 
[WARNING] no existe el path 
[WARNING] no existe el path 
[WARNING] no existe el path 
[WARNING] no existe el path 
[WARNING] no existe el path 
[WARNING] no existe el path 
[WARNING] no existe el path 
[WARNING] no existe el path 
[WARNING] no existe el path 
[WARNING] no existe el path 
[WARNING] no existe el path 
[WARNING] no existe el path 
[WARNING] no existe el path 
[WARNING] no existe el path 
[WARNING] no existe el path 
[WARNING] no existe el path 
[WARNING] no existe el path 
[WARNING] no existe el path 
[WARNING] no existe el path 
[WARNING] no existe el path 
[WARNING] no existe el path 
[WARNING] no existe el path 
[WARNING] no existe el path 
[WARNING] no existe el path 
[WARNING] no existe el path 
[WARNING] no existe el path 
[WARNING] no existe el path 
[WARNING] no existe el path 
[WARNING] no existe el path 
[WARNING] no existe el path 
[WARNING] no existe el path 
[WARNING] no existe el path 
[WARNING] no existe el path 
[WARNING] no existe el path 
[WARNING] no existe el path 
[WARNING] no existe el path 
[WARNING] no existe el path 
[WARNING] no existe el path 
[WARNING] no existe el path 
[WARNING] no existe el path 
[WARNING] no existe el path 
[WARNING] no existe el path 
[WARNING] no existe el path 
[WARNING] no existe el path 
[WARNING] no existe el path 
[WARNING] no existe el path 
[WARNING] no existe el path 
[WARNING] no existe el path 
[WARNING] no existe el path 
[WARNING] no existe el path 
[WARNING] no existe el path 
[WARNING] no existe el path 
[WARNING] no existe el path 
[WARNING] no existe el path 
[WARNING] no existe el path 
[WARNING] no existe el path 
[WARNING] no existe el path 
[WARNING] no existe el path 
[WARNING] no existe el path 
[WARNING] no existe el path 
[WARNING] no existe el path 
[WARNING] no existe el path 
[WARNING] no existe el path 
[WARNING] no existe el path 
[WARNING] no existe el path 
[WARNING] no existe el path 
[WARNING] no existe el path 
[WARNING] no existe el path 
[WARNING] no existe el path 
[WARNING] no existe el path 
[WARNING] no existe el path 
[WARNING] no existe el path 
[WARNING] no existe el path 
[WARNING] no existe el path 
[WARNING] no existe el path 
[WARNING] no existe el path 
[WARNING] no existe el path 
[WARNING] no existe el path 
[WARNING] no existe el path 
[WARNING] no existe el path 
[WARNING] no existe el path 
[WARNING] no existe el path 
[WARNING] no existe el path 
[WARNING] no existe el path 
[WARNING] no existe el path 
[WARNING] no existe el path 
[WARNING] no existe el path 
[WARNING] no existe el path 
[WARNING] no existe el path 
[WARNING] no existe el path 
[WARNING] no existe el path 
[WARNING] no existe el path 
[WARNING] no existe el path 
[WARNING] no existe el path 
[WARNING] no existe el path 
[WARNING] no existe el path 
[WARNING] no existe el path 
[WARNING] no existe el path 
[WARNING] no existe el path 
[WARNING] no existe el path 
[WARNING] no existe el path 
[WARNING] no existe el path 
[WARNING] no existe el path 
[WARNING] no existe el path 
[WARNING] no existe el path 
[WARNING] no existe el path 
[WARNING] no existe el path 
[WARNING] no existe el path 
[WARNING] no existe el path 
[WARNING] no existe el path 
[WARNING] no existe el path 
[WARNING] no existe el path 
[WARNING] no existe el path 
[WARNING] no existe el path 
[WARNING] no existe el path 
[WARNING] no existe el path 
[WARNING] no existe el path 
[WARNING] no existe el path 
[WARNING] no existe el path 
[WARNING] no existe el path 
[WARNING] no existe el path 
[WARNING] no existe el path 
[WARNING] no existe el path 
[WARNING] no existe el path 
[WARNING] no existe el path 
[WARNING] no existe el path 
[WARNING] no existe el path 
[WARNING] no existe el path 
[WARNING] no existe el path 
[WARNING] no existe el path 
[WARNING] no existe el path 
[WARNING] no existe el path 
[WARNING] no existe el path 
[WARNING] no existe el path 
[WARNING] no existe el path 
[WARNING] no existe el path 
[WARNING] no existe el path 
[WARNING] no existe el path 
[WARNING] no existe el path 
[WARNING] no existe el path 
[WARNING] no existe el path 
[WARNING] no existe el path 
[WARNING] no existe el path 
[WARNING] no existe el path 
[WARNING] no existe el path 
[WARNING] no existe el path 
[WARNING] no existe el path 
[WARNING] no existe el path 
[WARNING] no existe el path 
[WARNING] no existe el path 
[WARNING] no existe el path 
[WARNING] no existe el path 
[WARNING] no existe el path 
[WARNING] no existe el path 
[WARNING] no existe el path 
[WARNING] no existe el path 
[WARNING] no existe el path 
[WARNING] no existe el path 
[WARNING] no existe el path 
[WARNING] no existe el path 
[WARNING] no existe el path 
[WARNING] no existe el path 
[WARNING] no existe el path 
[WARNING] no existe el path 
[WARNING] no existe el path 
[WARNING] no existe el path 
[WARNING] no existe el path 
[WARNING] no existe el path 
[WARNING] no existe el path 
[WARNING] no existe el path 
[WARNING] no existe el path 
[WARNING] no existe el path 
[WARNING] no existe el path 
[WARNING] no existe el path 
[WARNING] no existe el path 
[WARNING] no existe el path 
[WARNING] no existe el path 
[WARNING] no existe el path 
[WARNING] no existe el path 
[WARNING] no existe el path 
[WARNING] no existe el path 
[WARNING] no existe el path 
[WARNING] no existe el path 
[WARNING] no existe el path 
[WARNING] no existe el path 
[WARNING] no existe el path 
[WARNING] no existe el path 
[WARNING] no existe el path 
[WARNING] no existe el path 
[WARNING] no existe el path 
[WARNING] no existe el path 
[WARNING] no existe el path 
[WARNING] no existe el path 
[WARNING] no existe el path 
[WARNING] no existe el path 
[WARNING] no existe el path 
[WARNING] no existe el path 
[WARNING] no existe el path 
[WARNING] no existe el path 
[WARNING] no existe el path 
[WARNING] no existe el path 
[WARNING] no existe el path 
[WARNING] no existe el path 
[WARNING] no existe el path 
[WARNING] no existe el path 
[WARNING] no existe el path 
[WARNING] no existe el path 
[WARNING] no existe el path 
[WARNING] no existe el path 
[WARNING] no existe el path 
[WARNING] no existe el path 
[WARNING] no existe el path 
[WARNING] no existe el path 
[WARNING] no existe el path 
[WARNING] no existe el path 
[WARNING] no existe el path 
[WARNING] no existe el path 
[WARNING] no existe el path 
[WARNING] no existe el path 
[WARNING] no existe el path 
[WARNING] no existe el path 
[WARNING] no existe el path 
[WARNING] no existe el path 
[WARNING] no existe el path 
[WARNING] no existe el path 
[WARNING] no existe el path 
[WARNING] no existe el path 
[WARNING] no existe el path 
[WARNING] no existe el path 
[WARNING] no existe el path 
[WARNING] no existe el path 
[WARNING] no existe el path 
[WARNING] no existe el path 
[WARNING] no existe el path 
[WARNING] no existe el path 
[WARNING] no existe el path 
[WARNING] no existe el path 
[WARNING] no existe el path 
[WARNING] no existe el path 
[WARNING] no existe el path 
[WARNING] no existe el path 
[WARNING] no existe el path 
[WARNING] no existe el path 
[WARNING] no existe el path 
[WARNING] no existe el path 
[WARNING] no existe el path 
[WARNING] no existe el path 
[WARNING] no existe el path 
[WARNING] no existe el path 
[WARNING] no existe el path 
[WARNING] no existe el path 
[WARNING] no existe el path 
[WARNING] no existe el path 
[WARNING] no existe el path 
[WARNING] no existe el path 
[WARNING] no existe el path 
[WARNING] no existe el path 
[WARNING] no existe el path 
[WARNING] no existe el path 
[WARNING] no existe el path 
[WARNING] no existe el path 
[WARNING] no existe el path 
[WARNING] no existe el path 
[WARNING] no existe el path 
[WARNING] no existe el path 
[WARNING] no existe el path 
[WARNING] no existe el path 
[WARNING] no existe el path 
[WARNING] no existe el path 
[WARNING] no existe el path 
[WARNING] no existe el path 
[WARNING] no existe el path 
[WARNING] no existe el path 
[WARNING] no existe el path 
[WARNING] no existe el path 
[WARNING] no existe el path 
[WARNING] no existe el path 
[WARNING] no existe el path 
[WARNING] no existe el path 
[WARNING] no existe el path 
[WARNING] no existe el path 
[WARNING] no existe el path 
[WARNING] no existe el path 
[WARNING] no existe el path 
[WARNING] no existe el path 
[WARNING] no existe el path 
[WARNING] no existe el path 
[WARNING] no existe el path 
[WARNING] no existe el path 
[WARNING] no existe el path 
[WARNING] no existe el path 
[WARNING] no existe el path 
[WARNING] no existe el path 
[WARNING] no existe el path 
[WARNING] no existe el path 
[WARNING] no existe el path 
[WARNING] no existe el path 
[WARNING] no existe el path 
[WARNING] no existe el path 
[WARNING] no existe el path 
[WARNING] no existe el path 
[WARNING] no existe el path 
[WARNING] no existe el path 
[WARNING] no existe el path 
[WARNING] no existe el path 
[WARNING] no existe el path 
[WARNING] no existe el path 
[WARNING] no existe el path 
[WARNING] no existe el path 
[WARNING] no existe el path 
[WARNING] no existe el path 
[WARNING] no existe el path 
[WARNING] no existe el path 
[WARNING] no existe el path 
[WARNING] no existe el path 
[WARNING] no existe el path 
[WARNING] no existe el path 
[WARNING] no existe el path 
[WARNING] no existe el path 
[WARNING] no existe el path 
[WARNING] no existe el path 
[WARNING] no existe el path 
[WARNING] no existe el path 
[WARNING] no existe el path 
[WARNING] no existe el path 
[WARNING] no existe el path 
[WARNING] no existe el path 
[WARNING] no existe el path 
[WARNING] no existe el path 
[WARNING] no existe el path 
[WARNING] no existe el path 
[WARNING] no existe el path 
[WARNING] no existe el path 
[WARNING] no existe el path 
[WARNING] no existe el path 
[WARNING] no existe el path 
[WARNING] no existe el path 
[WARNING] no existe el path 
[WARNING] no existe el path 
[WARNING] no existe el path 
[WARNING] no existe el path 
[WARNING] no existe el path 
[WARNING] no existe el path 
[WARNING] no existe el path 
[WARNING] no existe el path 
[WARNING] no existe el path 
[WARNING] no existe el path 
[WARNING] no existe el path 
[WARNING] no existe el path 
[WARNING] no existe el path 
[WARNING] no existe el path 
[WARNING] no existe el path 
[WARNING] no existe el path 
[WARNING] no existe el path 
[WARNING] no existe el path 
[WARNING] no existe el path 
[WARNING] no existe el path 
[WARNING] no existe el path 
[WARNING] no existe el path 
[WARNING] no existe el path 
[WARNING] no existe el path 
[WARNING] no existe el path 
[WARNING] no existe el path 
[WARNING] no existe el path 
[WARNING] no existe el path 
[WARNING] no existe el path 
[WARNING] no existe el path 
[WARNING] no existe el path 
[WARNING] no existe el path 
[WARNING] no existe el path 
[WARNING] no existe el path 
[WARNING] no existe el path 
[WARNING] no existe el path 
[WARNING] no existe el path 
[WARNING] no existe el path 
[WARNING] no existe el path 
[WARNING] no existe el path 
[WARNING] no existe el path 
[WARNING] no existe el path 
[WARNING] no existe el path 
[WARNING] no existe el path 
[WARNING] no existe el path 
[WARNING] no existe el path 
[WARNING] no existe el path 
[WARNING] no existe el path 
[WARNING] no existe el path 
[WARNING] no existe el path 
[WARNING] no existe el path 
[WARNING] no existe el path 
[WARNING] no existe el path 
[WARNING] no existe el path 
[WARNING] no existe el path 
[WARNING] no existe el path 
[WARNING] no existe el path 
[WARNING] no existe el path 
[WARNING] no existe el path 
[WARNING] no existe el path 
[WARNING] no existe el path 
[WARNING] no existe el path 
[WARNING] no existe el path 
[WARNING] no existe el path 
[WARNING] no existe el path 
[WARNING] no existe el path 
[WARNING] no existe el path 
[WARNING] no existe el path 
[WARNING] no existe el path 
[WARNING] no existe el path 
[WARNING] no existe el path 
[WARNING] no existe el path 
[WARNING] no existe el path 
[WARNING] no existe el path 
[WARNING] no existe el path 
[WARNING] no existe el path 
[WARNING] no existe el path 
[WARNING] no existe el path 
[WARNING] no existe el path 
[WARNING] no existe el path 
[WARNING] no existe el path 
[WARNING] no existe el path 
[WARNING] no existe el path 
[WARNING] no existe el path 
[WARNING] no existe el path 
[WARNING] no existe el path 
[WARNING] no existe el path 
[WARNING] no existe el path 
[WARNING] no existe el path 
[WARNING] no existe el path 
[WARNING] no existe el path 
[WARNING] no existe el path 
[WARNING] no existe el path 
[WARNING] no existe el path 
[WARNING] no existe el path 
[WARNING] no existe el path 
[WARNING] no existe el path 
[WARNING] no existe el path 
[WARNING] no existe el path 
[WARNING] no existe el path 
[WARNING] no existe el path 
[WARNING] no existe el path 
[WARNING] no existe el path 
[WARNING] no existe el path 
[WARNING] no existe el path 
[WARNING] no existe el path 
[WARNING] no existe el path 
[WARNING] no existe el path 
[WARNING] no existe el path 
[WARNING] no existe el path 
[WARNING] no existe el path 
[WARNING] no existe el path 
[WARNING] no existe el path 
[WARNING] no existe el path 
[WARNING] no existe el path 
[WARNING] no existe el path 
[WARNING] no existe el path 
[WARNING] no existe el path 
[WARNING] no existe el path 
[WARNING] no existe el path 
[WARNING] no existe el path 
[WARNING] no existe el path 
[WARNING] no existe el path 
[WARNING] no existe el path 
[WARNING] no existe el path 
[WARNING] no existe el path 
[WARNING] no existe el path 
[WARNING] no existe el path 
[WARNING] no existe el path 
[WARNING] no existe el path 
[WARNING] no existe el path 
[WARNING] no existe el path 
[WARNING] no existe el path 
[WARNING] no existe el path 
[WARNING] no existe el path 
[WARNING] no existe el path 
[WARNING] no existe el path 
[WARNING] no existe el path 
[WARNING] no existe el path 
[WARNING] no existe el path 
[WARNING] no existe el path 
[WARNING] no existe el path 
[WARNING] no existe el path 
[WARNING] no existe el path 
[WARNING] no existe el path 
[WARNING] no existe el path 
[WARNING] no existe el path 
[WARNING] no existe el path 
[WARNING] no existe el path 
[WARNING] no existe el path 
[WARNING] no existe el path 
[WARNING] no existe el path 
[WARNING] no existe el path 
[WARNING] no existe el path 
[WARNING] no existe el path 
[WARNING] no existe el path 
[WARNING] no existe el path 
[WARNING] no existe el path 
[WARNING] no existe el path 
[WARNING] no existe el path 
[WARNING] no existe el path 
[WARNING] no existe el path 
[WARNING] no existe el path 
[WARNING] no existe el path 
[WARNING] no existe el path 
[WARNING] no existe el path 
[WARNING] no existe el path 
[WARNING] no existe el path 
[WARNING] no existe el path 
[WARNING] no existe el path 
[WARNING] no existe el path 
[WARNING] no existe el path 
[WARNING] no existe el path 
[WARNING] no existe el path 
[WARNING] no existe el path 
[WARNING] no existe el path 
[WARNING] no existe el path 
[WARNING] no existe el path 
[WARNING] no existe el path 
[WARNING] no existe el path 
[WARNING] no existe el path 
[WARNING] no existe el path 
[WARNING] no existe el path 
[WARNING] no existe el path 
[WARNING] no existe el path 
[WARNING] no existe el path 
[WARNING] no existe el path 
[WARNING] no existe el path 
[WARNING] no existe el path 
[WARNING] no existe el path 
Traceback (most recent call last):
  File "C:\Users\Daniel\Desktop\PokeStream\pokestream\pokeplayer.py", line 50, in start_playing
    self._start_playing()
  File "C:\Users\Daniel\Desktop\PokeStream\pokestream\pokeplayer.py", line 72, in _start_playing
    self.save_image_to_file()
  File "C:\Users\Daniel\Desktop\PokeStream\pokestream\pokeplayer.py", line 96, in save_image_to_file
    file = File(self.current_song_metadata["path"])
AttributeError: 'PokePlayer' object has no attribute 'current_song_metadata'

Traceback (most recent call last):
  File "C:\Users\Daniel\Desktop\PokeStream\pokestream\pokeplayer.py", line 50, in start_playing
    self._start_playing()
  File "C:\Users\Daniel\Desktop\PokeStream\pokestream\pokeplayer.py", line 72, in _start_playing
    self.save_image_to_file()
  File "C:\Users\Daniel\Desktop\PokeStream\pokestream\pokeplayer.py", line 96, in save_image_to_file
    file = File(self.current_song_metadata["path"])
AttributeError: 'PokePlayer' object has no attribute 'current_song_metadata'

Traceback (most recent call last):
  File "C:\Users\Daniel\Desktop\PokeStream\pokestream\pokeplayer.py", line 50, in start_playing
    self._start_playing()
  File "C:\Users\Daniel\Desktop\PokeStream\pokestream\pokeplayer.py", line 72, in _start_playing
    self.save_image_to_file()
  File "C:\Users\Daniel\Desktop\PokeStream\pokestream\pokeplayer.py", line 96, in save_image_to_file
    file = File(self.current_song_metadata["path"])
AttributeError: 'PokePlayer' object has no attribute 'current_song_metadata'

Traceback (most recent call last):
  File "C:\Users\Daniel\Desktop\PokeStream\pokestream\pokeplayer.py", line 50, in start_playing
    self._start_playing()
  File "C:\Users\Daniel\Desktop\PokeStream\pokestream\pokeplayer.py", line 67, in _start_playing
    song_path = self.playlist.next_song().current.folder_path
AttributeError: 'NoneType' object has no attribute 'current'

Traceback (most recent call last):
  File "C:\Users\Daniel\Desktop\PokeStream\pokestream\pokeplayer.py", line 50, in start_playing
    self._start_playing()
  File "C:\Users\Daniel\Desktop\PokeStream\pokestream\pokeplayer.py", line 67, in _start_playing
    song_path = self.playlist.next_song().current.folder_path
AttributeError: 'NoneType' object has no attribute 'current'

